0	0.003906	0.000000
1	0.601562	0.000000
420	0.007812	0.000000
420	0.605469	0.000000
