0	0.003906	0.000000
1	0.601562	0.000000
2	0.800781	0.000000
252	0.007812	0.000000
252	0.605469	0.999995
253	0.804688	0.000000
252	0.804688	2.999991
