0	0.101562
0	0.261719
0	0.656250
0	0.671875
2	0.675781
1	0.679688
2	0.687500
0	0.691406
1	0.691406
2	0.699219
0	0.703125
1	0.703125
0	0.710938
1	0.710938
2	0.710938
1	0.718750
2	0.718750
0	0.726562
1	0.730469
2	0.730469
0	0.738281
1	0.738281
2	0.742188
1	0.746094
0	0.750000
2	0.753906
1	0.757812
