0	0.003906	0.000000
1	0.601562	0.000000
400	0.007812	0.000000
401	0.007812	0.000000
400	0.605469	0.999995
401	0.605469	0.000000
402	0.605469	0.000000
